// Jest Snapshot v1, https://goo.gl/fbAQLP

exports[`(Component) App should match the snapshot 1`] = `
<div
  className="app"
>
  <div
    className="app-body"
  >
    <div
      className="main-content"
    >
      <div>
        <h1>
          Hello World
        </h1>
        <p>
          Loading...
        </p>
      </div>
    </div>
  </div>
</div>
`;
